This file contains any messages produced by compilers while
running configure, to aid debugging if configure makes a mistake.

It was created by ob-uspagent configure 1.0.0, which was
generated by GNU Autoconf 2.71.  Invocation command line was

  $ ./configure

## --------- ##
## Platform. ##
## --------- ##

hostname = ubuntu
uname -m = aarch64
uname -r = 6.8.0-58-generic
uname -s = Linux
uname -v = #60-Ubuntu SMP PREEMPT_DYNAMIC Fri Mar 14 18:09:50 UTC 2025

/usr/bin/uname -p = aarch64
/bin/uname -X     = unknown

/bin/arch              = aarch64
/usr/bin/arch -k       = unknown
/usr/convex/getsysinfo = unknown
/usr/bin/hostinfo      = unknown
/bin/machine           = unknown
/usr/bin/oslevel       = unknown
/bin/universe          = unknown

PATH: /home/ubuntu/myenv/bin/
PATH: /usr/local/sbin/
PATH: /usr/local/bin/
PATH: /usr/sbin/
PATH: /usr/bin/
PATH: /sbin/
PATH: /bin/
PATH: /usr/games/
PATH: /usr/local/games/
PATH: /snap/bin/


## ----------- ##
## Core tests. ##
## ----------- ##

configure:2470: looking for aux files: config.guess config.sub ltmain.sh compile missing install-sh
configure:2483:  trying ./
configure:2512:   ./config.guess found
configure:2512:   ./config.sub found
configure:2512:   ./ltmain.sh found
configure:2512:   ./compile found
configure:2512:   ./missing found
configure:2494:   ./install-sh found
configure:2641: checking for a BSD-compatible install
configure:2714: result: /usr/bin/install -c
configure:2725: checking whether build environment is sane
configure:2780: result: yes
configure:2939: checking for a race-free mkdir -p
configure:2983: result: /usr/bin/mkdir -p
configure:2990: checking for gawk
configure:3011: found /usr/bin/gawk
configure:3022: result: gawk
configure:3033: checking whether make sets $(MAKE)
configure:3056: result: yes
configure:3086: checking whether make supports nested variables
configure:3104: result: yes
configure:3254: checking whether make supports the include directive
configure:3269: make -f confmf.GNU && cat confinc.out
this is the am__doit target
configure:3272: $? = 0
configure:3291: result: yes (GNU style)
configure:3367: checking for gcc
configure:3388: found /usr/bin/gcc
configure:3399: result: gcc
configure:3752: checking for C compiler version
configure:3761: gcc --version >&5
gcc (Ubuntu 13.3.0-6ubuntu2~24.04) 13.3.0
Copyright (C) 2023 Free Software Foundation, Inc.
This is free software; see the source for copying conditions.  There is NO
warranty; not even for MERCHANTABILITY or FITNESS FOR A PARTICULAR PURPOSE.

configure:3772: $? = 0
configure:3761: gcc -v >&5
Using built-in specs.
COLLECT_GCC=gcc
COLLECT_LTO_WRAPPER=/usr/libexec/gcc/aarch64-linux-gnu/13/lto-wrapper
OFFLOAD_TARGET_NAMES=nvptx-none
OFFLOAD_TARGET_DEFAULT=1
Target: aarch64-linux-gnu
Configured with: ../src/configure -v --with-pkgversion='Ubuntu 13.3.0-6ubuntu2~24.04' --with-bugurl=file:///usr/share/doc/gcc-13/README.Bugs --enable-languages=c,ada,c++,go,d,fortran,objc,obj-c++,m2 --prefix=/usr --with-gcc-major-version-only --program-suffix=-13 --program-prefix=aarch64-linux-gnu- --enable-shared --enable-linker-build-id --libexecdir=/usr/libexec --without-included-gettext --enable-threads=posix --libdir=/usr/lib --enable-nls --enable-bootstrap --enable-clocale=gnu --enable-libstdcxx-debug --enable-libstdcxx-time=yes --with-default-libstdcxx-abi=new --enable-libstdcxx-backtrace --enable-gnu-unique-object --disable-libquadmath --disable-libquadmath-support --enable-plugin --enable-default-pie --with-system-zlib --enable-libphobos-checking=release --with-target-system-zlib=auto --enable-objc-gc=auto --enable-multiarch --enable-fix-cortex-a53-843419 --disable-werror --enable-offload-targets=nvptx-none=/build/gcc-13-Nz4ro4/gcc-13-13.3.0/debian/tmp-nvptx/usr --enable-offload-defaulted --without-cuda-driver --enable-checking=release --build=aarch64-linux-gnu --host=aarch64-linux-gnu --target=aarch64-linux-gnu --with-build-config=bootstrap-lto-lean --enable-link-serialization=2
Thread model: posix
Supported LTO compression algorithms: zlib zstd
gcc version 13.3.0 (Ubuntu 13.3.0-6ubuntu2~24.04) 
... rest of stderr output deleted ...
configure:3772: $? = 0
configure:3761: gcc -V >&5
gcc: error: unrecognized command-line option '-V'
gcc: fatal error: no input files
compilation terminated.
configure:3772: $? = 1
configure:3761: gcc -qversion >&5
gcc: error: unrecognized command-line option '-qversion'; did you mean '--version'?
gcc: fatal error: no input files
compilation terminated.
configure:3772: $? = 1
configure:3761: gcc -version >&5
gcc: error: unrecognized command-line option '-version'
gcc: fatal error: no input files
compilation terminated.
configure:3772: $? = 1
configure:3792: checking whether the C compiler works
configure:3814: gcc    conftest.c  >&5
configure:3818: $? = 0
configure:3868: result: yes
configure:3871: checking for C compiler default output file name
configure:3873: result: a.out
configure:3879: checking for suffix of executables
configure:3886: gcc -o conftest    conftest.c  >&5
configure:3890: $? = 0
configure:3913: result: 
configure:3935: checking whether we are cross compiling
configure:3943: gcc -o conftest    conftest.c  >&5
configure:3947: $? = 0
configure:3954: ./conftest
configure:3958: $? = 0
configure:3973: result: no
configure:3978: checking for suffix of object files
configure:4001: gcc -c   conftest.c >&5
configure:4005: $? = 0
configure:4027: result: o
configure:4031: checking whether the compiler supports GNU C
configure:4051: gcc -c   conftest.c >&5
configure:4051: $? = 0
configure:4061: result: yes
configure:4072: checking whether gcc accepts -g
configure:4093: gcc -c -g  conftest.c >&5
configure:4093: $? = 0
configure:4137: result: yes
configure:4157: checking for gcc option to enable C11 features
configure:4172: gcc  -c -g -O2  conftest.c >&5
configure:4172: $? = 0
configure:4190: result: none needed
configure:4306: checking whether gcc understands -c and -o together
configure:4329: gcc -c conftest.c -o conftest2.o
configure:4332: $? = 0
configure:4329: gcc -c conftest.c -o conftest2.o
configure:4332: $? = 0
configure:4344: result: yes
configure:4363: checking dependency style of gcc
configure:4475: result: gcc3
configure:4495: checking for stdio.h
configure:4495: gcc -c -g -O2  conftest.c >&5
configure:4495: $? = 0
configure:4495: result: yes
configure:4495: checking for stdlib.h
configure:4495: gcc -c -g -O2  conftest.c >&5
configure:4495: $? = 0
configure:4495: result: yes
configure:4495: checking for string.h
configure:4495: gcc -c -g -O2  conftest.c >&5
configure:4495: $? = 0
configure:4495: result: yes
configure:4495: checking for inttypes.h
configure:4495: gcc -c -g -O2  conftest.c >&5
configure:4495: $? = 0
configure:4495: result: yes
configure:4495: checking for stdint.h
configure:4495: gcc -c -g -O2  conftest.c >&5
configure:4495: $? = 0
configure:4495: result: yes
configure:4495: checking for strings.h
configure:4495: gcc -c -g -O2  conftest.c >&5
configure:4495: $? = 0
configure:4495: result: yes
configure:4495: checking for sys/stat.h
configure:4495: gcc -c -g -O2  conftest.c >&5
configure:4495: $? = 0
configure:4495: result: yes
configure:4495: checking for sys/types.h
configure:4495: gcc -c -g -O2  conftest.c >&5
configure:4495: $? = 0
configure:4495: result: yes
configure:4495: checking for unistd.h
configure:4495: gcc -c -g -O2  conftest.c >&5
configure:4495: $? = 0
configure:4495: result: yes
configure:4495: checking for wchar.h
configure:4495: gcc -c -g -O2  conftest.c >&5
configure:4495: $? = 0
configure:4495: result: yes
configure:4495: checking for minix/config.h
configure:4495: gcc -c -g -O2  conftest.c >&5
conftest.c:49:10: fatal error: minix/config.h: No such file or directory
   49 | #include <minix/config.h>
      |          ^~~~~~~~~~~~~~~~
compilation terminated.
configure:4495: $? = 1
configure: failed program was:
| /* confdefs.h */
| #define PACKAGE_NAME "ob-uspagent"
| #define PACKAGE_TARNAME "ob-uspagent"
| #define PACKAGE_VERSION "1.0.0"
| #define PACKAGE_STRING "ob-uspagent 1.0.0"
| #define PACKAGE_BUGREPORT ""
| #define PACKAGE_URL ""
| #define PACKAGE "ob-uspagent"
| #define VERSION "1.0.0"
| #define HAVE_STDIO_H 1
| #define HAVE_STDLIB_H 1
| #define HAVE_STRING_H 1
| #define HAVE_INTTYPES_H 1
| #define HAVE_STDINT_H 1
| #define HAVE_STRINGS_H 1
| #define HAVE_SYS_STAT_H 1
| #define HAVE_SYS_TYPES_H 1
| #define HAVE_UNISTD_H 1
| #define HAVE_WCHAR_H 1
| /* end confdefs.h.  */
| #include <stddef.h>
| #ifdef HAVE_STDIO_H
| # include <stdio.h>
| #endif
| #ifdef HAVE_STDLIB_H
| # include <stdlib.h>
| #endif
| #ifdef HAVE_STRING_H
| # include <string.h>
| #endif
| #ifdef HAVE_INTTYPES_H
| # include <inttypes.h>
| #endif
| #ifdef HAVE_STDINT_H
| # include <stdint.h>
| #endif
| #ifdef HAVE_STRINGS_H
| # include <strings.h>
| #endif
| #ifdef HAVE_SYS_TYPES_H
| # include <sys/types.h>
| #endif
| #ifdef HAVE_SYS_STAT_H
| # include <sys/stat.h>
| #endif
| #ifdef HAVE_UNISTD_H
| # include <unistd.h>
| #endif
| #include <minix/config.h>
configure:4495: result: no
configure:4526: checking whether it is safe to define __EXTENSIONS__
configure:4545: gcc -c -g -O2  conftest.c >&5
configure:4545: $? = 0
configure:4553: result: yes
configure:4556: checking whether _XOPEN_SOURCE should be defined
configure:4578: gcc -c -g -O2  conftest.c >&5
configure:4578: $? = 0
configure:4605: result: no
configure:4695: checking build system type
configure:4710: result: aarch64-unknown-linux-gnu
configure:4730: checking host system type
configure:4744: result: aarch64-unknown-linux-gnu
configure:4785: checking how to print strings
configure:4812: result: printf
configure:4833: checking for a sed that does not truncate output
configure:4903: result: /usr/bin/sed
configure:4921: checking for grep that handles long lines and -e
configure:4985: result: /usr/bin/grep
configure:4990: checking for egrep
configure:5058: result: /usr/bin/grep -E
configure:5063: checking for fgrep
configure:5131: result: /usr/bin/grep -F
configure:5167: checking for ld used by gcc
configure:5235: result: /usr/bin/ld
configure:5242: checking if the linker (/usr/bin/ld) is GNU ld
configure:5258: result: yes
configure:5270: checking for BSD- or MS-compatible name lister (nm)
configure:5325: result: /usr/bin/nm -B
configure:5465: checking the name lister (/usr/bin/nm -B) interface
configure:5473: gcc -c -g -O2  conftest.c >&5
configure:5476: /usr/bin/nm -B "conftest.o"
configure:5479: output
0000000000000000 B some_variable
configure:5486: result: BSD nm
configure:5489: checking whether ln -s works
configure:5493: result: yes
configure:5501: checking the maximum length of command line arguments
configure:5633: result: 1572864
configure:5681: checking how to convert aarch64-unknown-linux-gnu file names to aarch64-unknown-linux-gnu format
configure:5722: result: func_convert_file_noop
configure:5729: checking how to convert aarch64-unknown-linux-gnu file names to toolchain format
configure:5750: result: func_convert_file_noop
configure:5757: checking for /usr/bin/ld option to reload object files
configure:5765: result: -r
configure:5844: checking for file
configure:5865: found /usr/bin/file
configure:5876: result: file
configure:5952: checking for objdump
configure:5973: found /usr/bin/objdump
configure:5984: result: objdump
configure:6016: checking how to recognize dependent libraries
configure:6217: result: pass_all
configure:6307: checking for dlltool
configure:6342: result: no
configure:6372: checking how to associate runtime and link libraries
configure:6400: result: printf %s\n
configure:6465: checking for ar
configure:6486: found /usr/bin/ar
configure:6497: result: ar
configure:6550: checking for archiver @FILE support
configure:6568: gcc -c -g -O2  conftest.c >&5
configure:6568: $? = 0
configure:6572: ar cr libconftest.a @conftest.lst >&5
configure:6575: $? = 0
configure:6580: ar cr libconftest.a @conftest.lst >&5
ar: conftest.o: No such file or directory
configure:6583: $? = 1
configure:6595: result: @
configure:6658: checking for strip
configure:6679: found /usr/bin/strip
configure:6690: result: strip
configure:6767: checking for ranlib
configure:6788: found /usr/bin/ranlib
configure:6799: result: ranlib
configure:6901: checking command to parse /usr/bin/nm -B output from gcc object
configure:7055: gcc -c -g -O2  conftest.c >&5
configure:7058: $? = 0
configure:7062: /usr/bin/nm -B conftest.o | /usr/bin/sed -n -e 's/^.*[	 ]\([ABCDGIRSTW][ABCDGIRSTW]*\)[	 ][	 ]*\([_A-Za-z][_A-Za-z0-9]*\)$/\1 \2 \2/p' | /usr/bin/sed '/ __gnu_lto/d' > conftest.nm
configure:7128: gcc -o conftest -g -O2   conftest.c conftstm.o >&5
configure:7131: $? = 0
configure:7169: result: ok
configure:7216: checking for sysroot
configure:7247: result: no
configure:7254: checking for a working dd
configure:7298: result: /usr/bin/dd
configure:7302: checking how to truncate binary pipes
configure:7318: result: /usr/bin/dd bs=4096 count=1
configure:7655: checking for mt
configure:7676: found /usr/bin/mt
configure:7687: result: mt
configure:7710: checking if mt is a manifest tool
configure:7717: mt '-?'
configure:7725: result: no
configure:8446: checking for dlfcn.h
configure:8446: gcc -c -g -O2  conftest.c >&5
configure:8446: $? = 0
configure:8446: result: yes
configure:8703: checking for objdir
configure:8719: result: .libs
configure:8983: checking if gcc supports -fno-rtti -fno-exceptions
configure:9002: gcc -c -g -O2  -fno-rtti -fno-exceptions conftest.c >&5
cc1: warning: command-line option '-fno-rtti' is valid for C++/D/ObjC++ but not for C
configure:9006: $? = 0
configure:9019: result: no
configure:9383: checking for gcc option to produce PIC
configure:9391: result: -fPIC -DPIC
configure:9399: checking if gcc PIC flag -fPIC -DPIC works
configure:9418: gcc -c -g -O2  -fPIC -DPIC -DPIC conftest.c >&5
configure:9422: $? = 0
configure:9435: result: yes
configure:9464: checking if gcc static flag -static works
configure:9493: result: yes
configure:9508: checking if gcc supports -c -o file.o
configure:9530: gcc -c -g -O2  -o out/conftest2.o conftest.c >&5
configure:9534: $? = 0
configure:9556: result: yes
configure:9564: checking if gcc supports -c -o file.o
configure:9612: result: yes
configure:9645: checking whether the gcc linker (/usr/bin/ld) supports shared libraries
configure:10919: result: yes
configure:10956: checking whether -lc should be explicitly linked in
configure:10965: gcc -c -g -O2  conftest.c >&5
configure:10968: $? = 0
configure:10983: gcc -shared  -fPIC -DPIC conftest.o  -v -Wl,-soname -Wl,conftest -o conftest 2\>\&1 \| /usr/bin/grep  -lc  \>/dev/null 2\>\&1
configure:10986: $? = 0
configure:11000: result: no
configure:11160: checking dynamic linker characteristics
configure:11742: gcc -o conftest -g -O2   -Wl,-rpath -Wl,/foo conftest.c  >&5
configure:11742: $? = 0
configure:11993: result: GNU/Linux ld.so
configure:12115: checking how to hardcode library paths into programs
configure:12140: result: immediate
configure:12692: checking whether stripping libraries is possible
configure:12701: result: yes
configure:12743: checking if libtool supports shared libraries
configure:12745: result: yes
configure:12748: checking whether to build shared libraries
configure:12773: result: yes
configure:12776: checking whether to build static libraries
configure:12780: result: no
configure:12872: checking for gcc
configure:12904: result: gcc
configure:13257: checking for C compiler version
configure:13266: gcc --version >&5
gcc (Ubuntu 13.3.0-6ubuntu2~24.04) 13.3.0
Copyright (C) 2023 Free Software Foundation, Inc.
This is free software; see the source for copying conditions.  There is NO
warranty; not even for MERCHANTABILITY or FITNESS FOR A PARTICULAR PURPOSE.

configure:13277: $? = 0
configure:13266: gcc -v >&5
Using built-in specs.
COLLECT_GCC=gcc
COLLECT_LTO_WRAPPER=/usr/libexec/gcc/aarch64-linux-gnu/13/lto-wrapper
OFFLOAD_TARGET_NAMES=nvptx-none
OFFLOAD_TARGET_DEFAULT=1
Target: aarch64-linux-gnu
Configured with: ../src/configure -v --with-pkgversion='Ubuntu 13.3.0-6ubuntu2~24.04' --with-bugurl=file:///usr/share/doc/gcc-13/README.Bugs --enable-languages=c,ada,c++,go,d,fortran,objc,obj-c++,m2 --prefix=/usr --with-gcc-major-version-only --program-suffix=-13 --program-prefix=aarch64-linux-gnu- --enable-shared --enable-linker-build-id --libexecdir=/usr/libexec --without-included-gettext --enable-threads=posix --libdir=/usr/lib --enable-nls --enable-bootstrap --enable-clocale=gnu --enable-libstdcxx-debug --enable-libstdcxx-time=yes --with-default-libstdcxx-abi=new --enable-libstdcxx-backtrace --enable-gnu-unique-object --disable-libquadmath --disable-libquadmath-support --enable-plugin --enable-default-pie --with-system-zlib --enable-libphobos-checking=release --with-target-system-zlib=auto --enable-objc-gc=auto --enable-multiarch --enable-fix-cortex-a53-843419 --disable-werror --enable-offload-targets=nvptx-none=/build/gcc-13-Nz4ro4/gcc-13-13.3.0/debian/tmp-nvptx/usr --enable-offload-defaulted --without-cuda-driver --enable-checking=release --build=aarch64-linux-gnu --host=aarch64-linux-gnu --target=aarch64-linux-gnu --with-build-config=bootstrap-lto-lean --enable-link-serialization=2
Thread model: posix
Supported LTO compression algorithms: zlib zstd
gcc version 13.3.0 (Ubuntu 13.3.0-6ubuntu2~24.04) 
... rest of stderr output deleted ...
configure:13277: $? = 0
configure:13266: gcc -V >&5
gcc: error: unrecognized command-line option '-V'
gcc: fatal error: no input files
compilation terminated.
configure:13277: $? = 1
configure:13266: gcc -qversion >&5
gcc: error: unrecognized command-line option '-qversion'; did you mean '--version'?
gcc: fatal error: no input files
compilation terminated.
configure:13277: $? = 1
configure:13266: gcc -version >&5
gcc: error: unrecognized command-line option '-version'
gcc: fatal error: no input files
compilation terminated.
configure:13277: $? = 1
configure:13281: checking whether the compiler supports GNU C
configure:13311: result: yes
configure:13322: checking whether gcc accepts -g
configure:13387: result: yes
configure:13407: checking for gcc option to enable C11 features
configure:13440: result: none needed
configure:13556: checking whether gcc understands -c and -o together
configure:13594: result: yes
configure:13613: checking dependency style of gcc
configure:13725: result: gcc3
configure:13836: checking for pkg-config
configure:13859: found /usr/bin/pkg-config
configure:13871: result: /usr/bin/pkg-config
configure:13896: checking pkg-config is at least version 0.9.0
configure:13899: result: yes
configure:13909: checking for openssl
configure:13916: $PKG_CONFIG --exists --print-errors "openssl"
configure:13919: $? = 0
configure:13933: $PKG_CONFIG --exists --print-errors "openssl"
configure:13936: $? = 0
configure:13994: result: yes
configure:14000: checking for sqlite3
configure:14007: $PKG_CONFIG --exists --print-errors "sqlite3"
configure:14010: $? = 0
configure:14024: $PKG_CONFIG --exists --print-errors "sqlite3"
configure:14027: $? = 0
configure:14085: result: yes
configure:14091: checking for libcurl
configure:14098: $PKG_CONFIG --exists --print-errors "libcurl"
configure:14101: $? = 0
configure:14115: $PKG_CONFIG --exists --print-errors "libcurl"
configure:14118: $? = 0
configure:14176: result: yes
configure:14182: checking for zlib
configure:14189: $PKG_CONFIG --exists --print-errors "zlib"
configure:14192: $? = 0
configure:14206: $PKG_CONFIG --exists --print-errors "zlib"
configure:14209: $? = 0
configure:14267: result: yes
configure:14293: checking for libmosquitto
configure:14300: $PKG_CONFIG --exists --print-errors "libmosquitto"
configure:14303: $? = 0
configure:14317: $PKG_CONFIG --exists --print-errors "libmosquitto"
configure:14320: $? = 0
configure:14378: result: yes
configure:14392: checking for libwebsockets >= 3.2.0
configure:14399: $PKG_CONFIG --exists --print-errors "libwebsockets >= 3.2.0"
configure:14402: $? = 0
configure:14416: $PKG_CONFIG --exists --print-errors "libwebsockets >= 3.2.0"
configure:14419: $? = 0
configure:14477: result: yes
configure:14487: checking for gcc options needed to detect all undeclared functions
configure:14509: gcc -c -g -O2   conftest.c >&5
conftest.c: In function 'main':
conftest.c:47:8: error: 'strchr' undeclared (first use in this function)
   47 | (void) strchr;
      |        ^~~~~~
conftest.c:1:1: note: 'strchr' is defined in header '<string.h>'; did you forget to '#include <string.h>'?
    1 | /* confdefs.h */
conftest.c:47:8: note: each undeclared identifier is reported only once for each function it appears in
   47 | (void) strchr;
      |        ^~~~~~
configure:14509: $? = 1
configure: failed program was:
| /* confdefs.h */
| #define PACKAGE_NAME "ob-uspagent"
| #define PACKAGE_TARNAME "ob-uspagent"
| #define PACKAGE_VERSION "1.0.0"
| #define PACKAGE_STRING "ob-uspagent 1.0.0"
| #define PACKAGE_BUGREPORT ""
| #define PACKAGE_URL ""
| #define PACKAGE "ob-uspagent"
| #define VERSION "1.0.0"
| #define HAVE_STDIO_H 1
| #define HAVE_STDLIB_H 1
| #define HAVE_STRING_H 1
| #define HAVE_INTTYPES_H 1
| #define HAVE_STDINT_H 1
| #define HAVE_STRINGS_H 1
| #define HAVE_SYS_STAT_H 1
| #define HAVE_SYS_TYPES_H 1
| #define HAVE_UNISTD_H 1
| #define HAVE_WCHAR_H 1
| #define STDC_HEADERS 1
| #define _ALL_SOURCE 1
| #define _DARWIN_C_SOURCE 1
| #define _GNU_SOURCE 1
| #define _HPUX_ALT_XOPEN_SOCKET_API 1
| #define _NETBSD_SOURCE 1
| #define _OPENBSD_SOURCE 1
| #define _POSIX_PTHREAD_SEMANTICS 1
| #define __STDC_WANT_IEC_60559_ATTRIBS_EXT__ 1
| #define __STDC_WANT_IEC_60559_BFP_EXT__ 1
| #define __STDC_WANT_IEC_60559_DFP_EXT__ 1
| #define __STDC_WANT_IEC_60559_FUNCS_EXT__ 1
| #define __STDC_WANT_IEC_60559_TYPES_EXT__ 1
| #define __STDC_WANT_LIB_EXT2__ 1
| #define __STDC_WANT_MATH_SPEC_FUNCS__ 1
| #define _TANDEM_SOURCE 1
| #define __EXTENSIONS__ 1
| #define HAVE_DLFCN_H 1
| #define LT_OBJDIR ".libs/"
| #define ENABLE_COAP 1
| #define ENABLE_MQTT 1
| #define ENABLE_WEBSOCKETS 1
| /* end confdefs.h.  */
| 
| int
| main (void)
| {
| (void) strchr;
|   ;
|   return 0;
| }
configure:14536: gcc -c -g -O2   conftest.c >&5
configure:14536: $? = 0
configure:14553: result: none needed
configure:14567: checking whether strerror_r is declared
configure:14567: gcc -c -g -O2   conftest.c >&5
configure:14567: $? = 0
configure:14567: result: yes
configure:14586: checking whether strerror_r returns char *
configure:14611: gcc -c -g -O2  conftest.c >&5
configure:14611: $? = 0
configure:14620: result: yes
configure:14629: checking for malloc.h
configure:14629: gcc -c -g -O2  conftest.c >&5
configure:14629: $? = 0
configure:14629: result: yes
configure:14636: checking for execinfo.h
configure:14636: gcc -c -g -O2  conftest.c >&5
configure:14636: $? = 0
configure:14636: result: yes
configure:14643: checking for mallinfo
configure:14643: gcc -o conftest -g -O2   conftest.c  >&5
configure:14643: $? = 0
configure:14643: result: yes
configure:14650: checking for mallinfo2
configure:14650: gcc -o conftest -g -O2   conftest.c  >&5
configure:14650: $? = 0
configure:14650: result: yes
configure:14800: checking that generated files are newer than configure
configure:14806: result: done
configure:14833: creating ./config.status

## ---------------------- ##
## Running config.status. ##
## ---------------------- ##

This file was extended by ob-uspagent config.status 1.0.0, which was
generated by GNU Autoconf 2.71.  Invocation command line was

  CONFIG_FILES    = 
  CONFIG_HEADERS  = 
  CONFIG_LINKS    = 
  CONFIG_COMMANDS = 
  $ ./config.status 

on ubuntu

config.status:1024: creating Makefile
config.status:1196: executing depfiles commands
config.status:1273: cd .       && sed -e '/# am--include-marker/d' Makefile         | make -f - am--depfiles
make: Nothing to be done for 'am--depfiles'.
config.status:1278: $? = 0
config.status:1196: executing libtool commands

## ---------------- ##
## Cache variables. ##
## ---------------- ##

ac_cv_build=aarch64-unknown-linux-gnu
ac_cv_c_compiler_gnu=yes
ac_cv_c_undeclared_builtin_options='none needed'
ac_cv_env_CC_set=
ac_cv_env_CC_value=
ac_cv_env_CFLAGS_set=
ac_cv_env_CFLAGS_value=
ac_cv_env_CPPFLAGS_set=
ac_cv_env_CPPFLAGS_value=
ac_cv_env_LDFLAGS_set=
ac_cv_env_LDFLAGS_value=
ac_cv_env_LIBS_set=
ac_cv_env_LIBS_value=
ac_cv_env_LT_SYS_LIBRARY_PATH_set=
ac_cv_env_LT_SYS_LIBRARY_PATH_value=
ac_cv_env_PKG_CONFIG_LIBDIR_set=
ac_cv_env_PKG_CONFIG_LIBDIR_value=
ac_cv_env_PKG_CONFIG_PATH_set=
ac_cv_env_PKG_CONFIG_PATH_value=
ac_cv_env_PKG_CONFIG_set=
ac_cv_env_PKG_CONFIG_value=
ac_cv_env_build_alias_set=
ac_cv_env_build_alias_value=
ac_cv_env_host_alias_set=
ac_cv_env_host_alias_value=
ac_cv_env_libcurl_CFLAGS_set=
ac_cv_env_libcurl_CFLAGS_value=
ac_cv_env_libcurl_LIBS_set=
ac_cv_env_libcurl_LIBS_value=
ac_cv_env_libmosquitto_CFLAGS_set=
ac_cv_env_libmosquitto_CFLAGS_value=
ac_cv_env_libmosquitto_LIBS_set=
ac_cv_env_libmosquitto_LIBS_value=
ac_cv_env_libwebsockets_CFLAGS_set=
ac_cv_env_libwebsockets_CFLAGS_value=
ac_cv_env_libwebsockets_LIBS_set=
ac_cv_env_libwebsockets_LIBS_value=
ac_cv_env_openssl_CFLAGS_set=
ac_cv_env_openssl_CFLAGS_value=
ac_cv_env_openssl_LIBS_set=
ac_cv_env_openssl_LIBS_value=
ac_cv_env_sqlite3_CFLAGS_set=
ac_cv_env_sqlite3_CFLAGS_value=
ac_cv_env_sqlite3_LIBS_set=
ac_cv_env_sqlite3_LIBS_value=
ac_cv_env_target_alias_set=
ac_cv_env_target_alias_value=
ac_cv_env_zlib_CFLAGS_set=
ac_cv_env_zlib_CFLAGS_value=
ac_cv_env_zlib_LIBS_set=
ac_cv_env_zlib_LIBS_value=
ac_cv_func_mallinfo2=yes
ac_cv_func_mallinfo=yes
ac_cv_func_strerror_r_char_p=yes
ac_cv_have_decl_strerror_r=yes
ac_cv_header_dlfcn_h=yes
ac_cv_header_execinfo_h=yes
ac_cv_header_inttypes_h=yes
ac_cv_header_malloc_h=yes
ac_cv_header_minix_config_h=no
ac_cv_header_stdint_h=yes
ac_cv_header_stdio_h=yes
ac_cv_header_stdlib_h=yes
ac_cv_header_string_h=yes
ac_cv_header_strings_h=yes
ac_cv_header_sys_stat_h=yes
ac_cv_header_sys_types_h=yes
ac_cv_header_unistd_h=yes
ac_cv_header_wchar_h=yes
ac_cv_host=aarch64-unknown-linux-gnu
ac_cv_objext=o
ac_cv_path_EGREP='/usr/bin/grep -E'
ac_cv_path_FGREP='/usr/bin/grep -F'
ac_cv_path_GREP=/usr/bin/grep
ac_cv_path_SED=/usr/bin/sed
ac_cv_path_ac_pt_PKG_CONFIG=/usr/bin/pkg-config
ac_cv_path_install='/usr/bin/install -c'
ac_cv_path_lt_DD=/usr/bin/dd
ac_cv_path_mkdir=/usr/bin/mkdir
ac_cv_prog_AWK=gawk
ac_cv_prog_ac_ct_AR=ar
ac_cv_prog_ac_ct_CC=gcc
ac_cv_prog_ac_ct_FILECMD=file
ac_cv_prog_ac_ct_MANIFEST_TOOL=mt
ac_cv_prog_ac_ct_OBJDUMP=objdump
ac_cv_prog_ac_ct_RANLIB=ranlib
ac_cv_prog_ac_ct_STRIP=strip
ac_cv_prog_cc_c11=
ac_cv_prog_cc_g=yes
ac_cv_prog_cc_stdc=
ac_cv_prog_make_make_set=yes
ac_cv_safe_to_define___extensions__=yes
ac_cv_should_define__xopen_source=no
am_cv_CC_dependencies_compiler_type=gcc3
am_cv_make_support_nested_variables=yes
am_cv_prog_cc_c_o=yes
lt_cv_ar_at_file=@
lt_cv_archive_cmds_need_lc=no
lt_cv_deplibs_check_method=pass_all
lt_cv_file_magic_cmd='$MAGIC_CMD'
lt_cv_file_magic_test_file=
lt_cv_ld_reload_flag=-r
lt_cv_nm_interface='BSD nm'
lt_cv_objdir=.libs
lt_cv_path_LD=/usr/bin/ld
lt_cv_path_NM='/usr/bin/nm -B'
lt_cv_path_mainfest_tool=no
lt_cv_prog_compiler_c_o=yes
lt_cv_prog_compiler_pic='-fPIC -DPIC'
lt_cv_prog_compiler_pic_works=yes
lt_cv_prog_compiler_rtti_exceptions=no
lt_cv_prog_compiler_static_works=yes
lt_cv_prog_gnu_ld=yes
lt_cv_sharedlib_from_linklib_cmd='printf %s\n'
lt_cv_shlibpath_overrides_runpath=yes
lt_cv_sys_global_symbol_pipe='/usr/bin/sed -n -e '\''s/^.*[	 ]\([ABCDGIRSTW][ABCDGIRSTW]*\)[	 ][	 ]*\([_A-Za-z][_A-Za-z0-9]*\)$/\1 \2 \2/p'\'' | /usr/bin/sed '\''/ __gnu_lto/d'\'''
lt_cv_sys_global_symbol_to_c_name_address='/usr/bin/sed -n -e '\''s/^: \(.*\) .*$/  {"\1", (void *) 0},/p'\'' -e '\''s/^[ABCDGIRSTW][ABCDGIRSTW]* .* \(.*\)$/  {"\1", (void *) \&\1},/p'\'''
lt_cv_sys_global_symbol_to_c_name_address_lib_prefix='/usr/bin/sed -n -e '\''s/^: \(.*\) .*$/  {"\1", (void *) 0},/p'\'' -e '\''s/^[ABCDGIRSTW][ABCDGIRSTW]* .* \(lib.*\)$/  {"\1", (void *) \&\1},/p'\'' -e '\''s/^[ABCDGIRSTW][ABCDGIRSTW]* .* \(.*\)$/  {"lib\1", (void *) \&\1},/p'\'''
lt_cv_sys_global_symbol_to_cdecl='/usr/bin/sed -n -e '\''s/^T .* \(.*\)$/extern int \1();/p'\'' -e '\''s/^[ABCDGIRSTW][ABCDGIRSTW]* .* \(.*\)$/extern char \1;/p'\'''
lt_cv_sys_global_symbol_to_import=
lt_cv_sys_max_cmd_len=1572864
lt_cv_to_host_file_cmd=func_convert_file_noop
lt_cv_to_tool_file_cmd=func_convert_file_noop
lt_cv_truncate_bin='/usr/bin/dd bs=4096 count=1'
pkg_cv_libcurl_CFLAGS='-I/usr/include/aarch64-linux-gnu '
pkg_cv_libcurl_LIBS='-lcurl '
pkg_cv_libmosquitto_CFLAGS=
pkg_cv_libmosquitto_LIBS='-lmosquitto '
pkg_cv_libwebsockets_CFLAGS=
pkg_cv_libwebsockets_LIBS='-lwebsockets -lcap '
pkg_cv_openssl_CFLAGS=
pkg_cv_openssl_LIBS='-lssl -lcrypto '
pkg_cv_sqlite3_CFLAGS=
pkg_cv_sqlite3_LIBS='-lsqlite3 '
pkg_cv_zlib_CFLAGS=
pkg_cv_zlib_LIBS='-lz '

## ----------------- ##
## Output variables. ##
## ----------------- ##

ACLOCAL='${SHELL} '\''/home/ubuntu/obuspa-test-controller/missing'\'' aclocal-1.16'
AMDEPBACKSLASH='\'
AMDEP_FALSE='#'
AMDEP_TRUE=''
AMTAR='$${TAR-tar}'
AM_BACKSLASH='\'
AM_DEFAULT_V='$(AM_DEFAULT_VERBOSITY)'
AM_DEFAULT_VERBOSITY='1'
AM_V='$(V)'
AR='ar'
AUTOCONF='${SHELL} '\''/home/ubuntu/obuspa-test-controller/missing'\'' autoconf'
AUTOHEADER='${SHELL} '\''/home/ubuntu/obuspa-test-controller/missing'\'' autoheader'
AUTOMAKE='${SHELL} '\''/home/ubuntu/obuspa-test-controller/missing'\'' automake-1.16'
AWK='gawk'
CC='gcc'
CCDEPMODE='depmode=gcc3'
CFLAGS='-g -O2'
CPPFLAGS=''
CSCOPE='cscope'
CTAGS='ctags'
CYGPATH_W='echo'
DEFS='-DPACKAGE_NAME=\"ob-uspagent\" -DPACKAGE_TARNAME=\"ob-uspagent\" -DPACKAGE_VERSION=\"1.0.0\" -DPACKAGE_STRING=\"ob-uspagent\ 1.0.0\" -DPACKAGE_BUGREPORT=\"\" -DPACKAGE_URL=\"\" -DPACKAGE=\"ob-uspagent\" -DVERSION=\"1.0.0\" -DHAVE_STDIO_H=1 -DHAVE_STDLIB_H=1 -DHAVE_STRING_H=1 -DHAVE_INTTYPES_H=1 -DHAVE_STDINT_H=1 -DHAVE_STRINGS_H=1 -DHAVE_SYS_STAT_H=1 -DHAVE_SYS_TYPES_H=1 -DHAVE_UNISTD_H=1 -DHAVE_WCHAR_H=1 -DSTDC_HEADERS=1 -D_ALL_SOURCE=1 -D_DARWIN_C_SOURCE=1 -D_GNU_SOURCE=1 -D_HPUX_ALT_XOPEN_SOCKET_API=1 -D_NETBSD_SOURCE=1 -D_OPENBSD_SOURCE=1 -D_POSIX_PTHREAD_SEMANTICS=1 -D__STDC_WANT_IEC_60559_ATTRIBS_EXT__=1 -D__STDC_WANT_IEC_60559_BFP_EXT__=1 -D__STDC_WANT_IEC_60559_DFP_EXT__=1 -D__STDC_WANT_IEC_60559_FUNCS_EXT__=1 -D__STDC_WANT_IEC_60559_TYPES_EXT__=1 -D__STDC_WANT_LIB_EXT2__=1 -D__STDC_WANT_MATH_SPEC_FUNCS__=1 -D_TANDEM_SOURCE=1 -D__EXTENSIONS__=1 -DHAVE_DLFCN_H=1 -DLT_OBJDIR=\".libs/\" -DENABLE_COAP=1 -DENABLE_MQTT=1 -DENABLE_WEBSOCKETS=1 -DHAVE_DECL_STRERROR_R=1 -DHAVE_STRERROR_R=1 -DSTRERROR_R_CHAR_P=1 -DHAVE_MALLOC_H=1 -DHAVE_EXECINFO_H=1 -DHAVE_MALLINFO=1 -DHAVE_MALLINFO2=1'
DEPDIR='.deps'
DLLTOOL='false'
DSYMUTIL=''
DUMPBIN=''
ECHO_C=''
ECHO_N='-n'
ECHO_T=''
EGREP='/usr/bin/grep -E'
ETAGS='etags'
EXEEXT=''
FGREP='/usr/bin/grep -F'
FILECMD='file'
GREP='/usr/bin/grep'
INSTALL_DATA='${INSTALL} -m 644'
INSTALL_PROGRAM='${INSTALL}'
INSTALL_SCRIPT='${INSTALL}'
INSTALL_STRIP_PROGRAM='$(install_sh) -c -s'
LD='/usr/bin/ld'
LDFLAGS=''
LIBOBJS=''
LIBS=''
LIBTOOL='$(SHELL) $(top_builddir)/libtool'
LIPO=''
LN_S='ln -s'
LTLIBOBJS=''
LT_SYS_LIBRARY_PATH=''
MAKEINFO='${SHELL} '\''/home/ubuntu/obuspa-test-controller/missing'\'' makeinfo'
MANIFEST_TOOL=':'
MKDIR_P='/usr/bin/mkdir -p'
NM='/usr/bin/nm -B'
NMEDIT=''
OBJDUMP='objdump'
OBJEXT='o'
OTOOL64=''
OTOOL=''
PACKAGE='ob-uspagent'
PACKAGE_BUGREPORT=''
PACKAGE_NAME='ob-uspagent'
PACKAGE_STRING='ob-uspagent 1.0.0'
PACKAGE_TARNAME='ob-uspagent'
PACKAGE_URL=''
PACKAGE_VERSION='1.0.0'
PATH_SEPARATOR=':'
PKG_CONFIG='/usr/bin/pkg-config'
PKG_CONFIG_LIBDIR=''
PKG_CONFIG_PATH=''
RANLIB='ranlib'
SED='/usr/bin/sed'
SET_MAKE=''
SHELL='/bin/bash'
STRIP='strip'
VERSION='1.0.0'
ac_ct_AR='ar'
ac_ct_CC='gcc'
ac_ct_DUMPBIN=''
am__EXEEXT_FALSE=''
am__EXEEXT_TRUE='#'
am__fastdepCC_FALSE='#'
am__fastdepCC_TRUE=''
am__include='include'
am__isrc=''
am__leading_dot='.'
am__nodep='_no'
am__quote=''
am__tar='$${TAR-tar} chof - "$$tardir"'
am__untar='$${TAR-tar} xf -'
bindir='${exec_prefix}/bin'
build='aarch64-unknown-linux-gnu'
build_alias=''
build_cpu='aarch64'
build_os='linux-gnu'
build_vendor='unknown'
datadir='${datarootdir}'
datarootdir='${prefix}/share'
docdir='${datarootdir}/doc/${PACKAGE_TARNAME}'
dvidir='${docdir}'
exec_prefix='${prefix}'
host='aarch64-unknown-linux-gnu'
host_alias=''
host_cpu='aarch64'
host_os='linux-gnu'
host_vendor='unknown'
htmldir='${docdir}'
includedir='${prefix}/include'
infodir='${datarootdir}/info'
install_sh='${SHELL} /home/ubuntu/obuspa-test-controller/install-sh'
libcurl_CFLAGS='-I/usr/include/aarch64-linux-gnu '
libcurl_LIBS='-lcurl '
libdir='${exec_prefix}/lib'
libexecdir='${exec_prefix}/libexec'
libmosquitto_CFLAGS=''
libmosquitto_LIBS='-lmosquitto '
libwebsockets_CFLAGS=''
libwebsockets_LIBS='-lwebsockets -lcap '
localedir='${datarootdir}/locale'
localstatedir='${prefix}/var'
mandir='${datarootdir}/man'
mkdir_p='$(MKDIR_P)'
oldincludedir='/usr/include'
openssl_CFLAGS=''
openssl_LIBS='-lssl -lcrypto '
pdfdir='${docdir}'
prefix='/usr/local'
program_transform_name='s,x,x,'
psdir='${docdir}'
runstatedir='${localstatedir}/run'
sbindir='${exec_prefix}/sbin'
sharedstatedir='${prefix}/com'
sqlite3_CFLAGS=''
sqlite3_LIBS='-lsqlite3 '
sysconfdir='${prefix}/etc'
target_alias=''
zlib_CFLAGS=''
zlib_LIBS='-lz '

## ----------- ##
## confdefs.h. ##
## ----------- ##

/* confdefs.h */
#define PACKAGE_NAME "ob-uspagent"
#define PACKAGE_TARNAME "ob-uspagent"
#define PACKAGE_VERSION "1.0.0"
#define PACKAGE_STRING "ob-uspagent 1.0.0"
#define PACKAGE_BUGREPORT ""
#define PACKAGE_URL ""
#define PACKAGE "ob-uspagent"
#define VERSION "1.0.0"
#define HAVE_STDIO_H 1
#define HAVE_STDLIB_H 1
#define HAVE_STRING_H 1
#define HAVE_INTTYPES_H 1
#define HAVE_STDINT_H 1
#define HAVE_STRINGS_H 1
#define HAVE_SYS_STAT_H 1
#define HAVE_SYS_TYPES_H 1
#define HAVE_UNISTD_H 1
#define HAVE_WCHAR_H 1
#define STDC_HEADERS 1
#define _ALL_SOURCE 1
#define _DARWIN_C_SOURCE 1
#define _GNU_SOURCE 1
#define _HPUX_ALT_XOPEN_SOCKET_API 1
#define _NETBSD_SOURCE 1
#define _OPENBSD_SOURCE 1
#define _POSIX_PTHREAD_SEMANTICS 1
#define __STDC_WANT_IEC_60559_ATTRIBS_EXT__ 1
#define __STDC_WANT_IEC_60559_BFP_EXT__ 1
#define __STDC_WANT_IEC_60559_DFP_EXT__ 1
#define __STDC_WANT_IEC_60559_FUNCS_EXT__ 1
#define __STDC_WANT_IEC_60559_TYPES_EXT__ 1
#define __STDC_WANT_LIB_EXT2__ 1
#define __STDC_WANT_MATH_SPEC_FUNCS__ 1
#define _TANDEM_SOURCE 1
#define __EXTENSIONS__ 1
#define HAVE_DLFCN_H 1
#define LT_OBJDIR ".libs/"
#define ENABLE_COAP 1
#define ENABLE_MQTT 1
#define ENABLE_WEBSOCKETS 1
#define HAVE_DECL_STRERROR_R 1
#define HAVE_STRERROR_R 1
#define STRERROR_R_CHAR_P 1
#define HAVE_MALLOC_H 1
#define HAVE_EXECINFO_H 1
#define HAVE_MALLINFO 1
#define HAVE_MALLINFO2 1

configure: exit 0
